<html>
<body>
<pre>
<h1>µVision Build Log</h1>
<h2>Project:</h2>
C:\Users\vsborra\OneDrive - Youngstown State University\YSU data\Fall 2021\ECEN 4856\Labs\Lab 10\BlackBoard_package\Lab_10_LCD\Lab_10_LCD.uvproj
Project File Date:  11/03/2020

<h2>Output:</h2>
Rebuild target 'Lab_10_LCD'
assembling startup.s...
compiling PLL.c...
compiling ST7735.c...
compiling LCD_main.c...
linking...
Program Size: Code=2728 RO-data=2052 RW-data=48 ZI-data=1024  
".\Lab_10_LCD.axf" - 0 Error(s), 0 Warning(s).
Clean started: Project: 'Lab_10_LCD'
   deleting intermediate output files for target 'Lab_10_LCD'
</pre>
</body>
</html>
kage\\Lab_10_LCD\\Lab_10_LCD.axf" 
Connecting: Mode=JTAG, Speed=1000000Hz
Erase Done.
Programming Done.
Verify OK.
ab 10\\BlackBoard_package\\Lab_10_LCD\\Lab_10_LCD.axf" 
Connecting: Mode=JTAG, Speed=1000000Hz
Erase Done.
Programming Done.
Verify OK.
ata=1028  
".\Lab_10_LCD.axf" - 0 Error(s), 4 Warning(s).
Load "C:\\Users\\vsborra\\OneDrive - Youngstown State University\\YSU data\\Fall 2021\\ECEN 4856\\Labs\\Lab 10\\BlackBoard_package\\Lab_10_LCD\\Lab_10_LCD.axf" 
Connecting: Mode=JTAG, Speed=1000000Hz
Erase Done.
Programming Done.
Verify OK.
axf" - 7 Error(s), 1 Warning(s).
Target not created
s
".\Lab_10_LCD.axf" - 6 Error(s), 1 Warning(s).
Target not created
